
───────────── 服务启动 2026-08-28 11:26:46 ─────────────
=====================================================
[2026-08-28 11:26:46] 正在连接数据库 8.156.64.159:3306/feed ...
[2026-08-28 11:26:55] 数据库初始化完成（库表已就绪）
=====================================================
 童心日记后端已启动
   地址     : http://localhost:8080/
   API 前缀 : http://localhost:8080/api
   前端目录 : D:\Coding\AI\child
   数据库   : 8.156.64.159:3306/feed
=====================================================
[2026-08-28 11:26:55] 服务已就绪，等待请求...

───────────── 服务启动 2026-08-28 11:30:20 ─────────────
=====================================================
[2026-08-28 11:30:20] 正在连接数据库 8.156.64.159:3306/feed ...
[2026-08-28 11:30:29] 数据库初始化完成（库表已就绪）
=====================================================
 童心日记后端已启动
   地址     : http://localhost:8080/
   API 前缀 : http://localhost:8080/api
   前端目录 : D:\Coding\AI\child
   数据库   : 8.156.64.159:3306/feed
=====================================================
[2026-08-28 11:30:29] 服务已就绪，等待请求...

───────────── 服务启动 2026-08-28 11:33:20 ─────────────
=====================================================
[2026-08-28 11:33:20] 正在连接数据库 8.156.64.159:3306/feed ...
[2026-08-28 11:33:30] 数据库初始化完成（库表已就绪）
=====================================================
 童心日记后端已启动
   地址     : http://localhost:8080/
   API 前缀 : http://localhost:8080/api
   前端目录 : D:\Coding\AI\child
   数据库   : 8.156.64.159:3306/feed
=====================================================
[2026-08-28 11:33:30] 服务已就绪，等待请求...
